[
    "PYSPARK_PYTHON=python3.7",
    "spark-submit",
    "--master",
    "yarn",
    "--conf",
    "spark.dynamicAllocation.maxExecutors=10",
    "--conf",
    "spark.executorEnv.REQUESTS_CA_BUNDLE=/etc/ssl/certs/ca-certificates.crt",
    "--conf",
    "spark.yarn.maxAppAttempts=1",
    "--conf",
    "spark.yarn.appMasterEnv.REQUESTS_CA_BUNDLE=/etc/ssl/certs/ca-certificates.crt",
    "--files",
    "/srv/deployment/wikimedia/discovery/analytics/spark/resources/queries_index_settings.json",
    "--py-files",
    "/srv/deployment/wikimedia/discovery/analytics/spark/wmf_spark.py",
    "--jars",
    "/srv/deployment/wikimedia/discovery/analytics/artifacts/elasticsearch-hadoop-7.10.2.jar",
    "--name",
    "[Search Airflow Job] Export Queries To Relforge",
    "--queue",
    "root.default",
    "/srv/deployment/wikimedia/discovery/analytics/spark/export_queries_to_relforge.py",
    "--search-satisfaction-partition",
    "event.searchsatisfaction/year=2021/month=2/day=18/hour=0",
    "--cirrus-events-partition",
    "event.mediawiki_cirrussearch_request/year=2021/month=2/day=18/hour=0",
    "--elastic-host",
    "relforge1003.eqiad.wmnet,relforge1004.eqiad.wmnet",
    "--elastic-port",
    "9243",
    "--elastic-index",
    "joined_queries-{dt|yyyyMM}/_doc",
    "--elastic-template",
    "joined_queries"
]