[
    "PYSPARK_PYTHON=python3.7",
    "spark-submit",
    "--master",
    "yarn",
    "--conf",
    "spark.dynamicAllocation.maxExecutors=20",
    "--conf",
    "spark.executorEnv.HTTPS_PROXY=http://webproxy.eqiad.wmnet:8080",
    "--conf",
    "spark.executorEnv.REQUESTS_CA_BUNDLE=/etc/ssl/certs/ca-certificates.crt",
    "--conf",
    "spark.pyspark.python=venv/bin/python3.7",
    "--conf",
    "spark.yarn.maxAppAttempts=1",
    "--conf",
    "spark.yarn.appMasterEnv.HTTPS_PROXY=http://webproxy.eqiad.wmnet:8080",
    "--conf",
    "spark.yarn.appMasterEnv.REQUESTS_CA_BUNDLE=/etc/ssl/certs/ca-certificates.crt",
    "--files",
    "hdfs:///wmf/data/discovery/ores/thresholds/drafttopic_20201231.json#thresholds.json",
    "--py-files",
    "/srv/deployment/wikimedia/discovery/analytics/spark/wmf_spark.py",
    "--archives",
    "hdfs:///wmf/discovery/spark_venv/2021-02-23T18.27.24-c2190da/ores_bulk_ingest.venv.zip#venv",
    "--name",
    "airflow: ores_bulk_ingest drafttopic for enwiki",
    "--queue",
    "root.default",
    "/srv/deployment/wikimedia/discovery/analytics/spark/ores_bulk_ingest.py",
    "--mediawiki-dbname",
    "enwiki",
    "--output-partition",
    "discovery.ores_scores_export/wikiid=enwiki/model=drafttopic/year=2021/month=1/day=1",
    "--ores-model",
    "drafttopic",
    "--error-threshold",
    "0.002",
    "--namespace",
    "100"
]