[
    "spark-submit",
    "--master",
    "yarn",
    "--conf",
    "spark.dynamicAllocation.maxExecutors=25",
    "--conf",
    "spark.yarn.maxAppAttempts=1",
    "--executor-cores",
    "8",
    "--executor-memory",
    "16g",
    "--driver-memory",
    "4g",
    "--name",
    "[Search Airflow Job] Wdqs Streaming Updater Reconcile Hourly: Reconcile Eqiad",
    "--class",
    "org.wikidata.query.rdf.updater.reconcile.UpdaterReconcile",
    "--queue",
    "root.default",
    "/srv/deployment/wikimedia/discovery/analytics/artifacts/rdf-spark-tools-latest-jar-with-dependencies.jar",
    "--domain",
    "www.wikidata.org",
    "--reconciliation-source",
    "wdqs_sideoutputs_reconcile@eqiad",
    "--event-gate",
    "https://eventgate-main.discovery.wmnet:4492/v1/events",
    "--late-events-partition",
    "event.rdf_streaming_updater_lapsed_action/datacenter=eqiad/year=2021/month=10/day=1/hour=12",
    "--failures-partition",
    "event.rdf_streaming_updater_fetch_failure/datacenter=eqiad/year=2021/month=10/day=1/hour=12",
    "--inconsistencies-partition",
    "event.rdf_streaming_updater_state_inconsistency/datacenter=eqiad/year=2021/month=10/day=1/hour=12",
    "--stream",
    "rdf-streaming-updater.reconcile",
    "--entity-namespaces",
    "0,120,146",
    "--initial-to-namespace",
    "Q=,P=120,L=146",
    "--http-routes",
    "www.wikidata.org=https://api-ro.discovery.wmnet,commons.wikimedia.org=https://api-ro.discovery.wmnet"
]