[
    "spark-submit",
    "--master",
    "yarn",
    "--conf",
    "spark.dynamicAllocation.maxExecutors=450",
    "--conf",
    "spark.executor.memory=2g",
    "--conf",
    "spark.jars.ivy=/tmp/airflow_ivy2",
    "--conf",
    "spark.jars.ivySettings=/etc/maven/ivysettings.xml",
    "--conf",
    "spark.pyspark.python=mjolnir_venv/bin/python",
    "--conf",
    "spark.sql.shuffle.partitions=1000",
    "--conf",
    "spark.yarn.maxAppAttempts=1",
    "--archives",
    "/srv/deployment/wikimedia/discovery/analytics/environments/mjolnir/venv.zip#mjolnir_venv",
    "--jars",
    "hdfs://analytics-hadoop/wmf/refinery/current/artifacts/refinery-hive-shaded.jar",
    "--packages",
    "org.wikimedia.search:mjolnir:0.7",
    "--driver-memory",
    "2g",
    "--name",
    "mjolnir-query_clicks_ltr-20200108-spark",
    "--queue",
    "root.default",
    "/srv/deployment/wikimedia/discovery/analytics/spark/mjolnir-utilities.py",
    "query_clicks_ltr",
    "--date",
    "20200108",
    "--output-path",
    "hdfs://pytest/path/to/mjolnir/query_clicks_ltr/date=20200108",
    "--input-table",
    "discovery.query_clicks_daily",
    "--max-q-by-day",
    "50",
    "--output-table",
    "mjolnir.query_clicks_ltr"
]