[
    "spark-submit",
    "--master",
    "yarn",
    "--conf",
    "spark.dynamicAllocation.maxExecutors=75",
    "--conf",
    "spark.executor.cores=6",
    "--conf",
    "spark.executor.memory=2g",
    "--conf",
    "spark.executor.memoryOverhead=522",
    "--conf",
    "spark.jars.ivy=/tmp/airflow_ivy2",
    "--conf",
    "spark.jars.ivySettings=/etc/maven/ivysettings.xml",
    "--conf",
    "spark.pyspark.python=mjolnir_venv/bin/python",
    "--conf",
    "spark.sql.shuffle.partitions=1000",
    "--conf",
    "spark.task.cpus=6",
    "--conf",
    "spark.yarn.maxAppAttempts=1",
    "--archives",
    "/srv/deployment/wikimedia/discovery/analytics/environments/mjolnir/venv.zip#mjolnir_venv",
    "--jars",
    "hdfs://analytics-hadoop/wmf/refinery/current/artifacts/refinery-hive-shaded.jar",
    "--packages",
    "org.wikimedia.search:mjolnir:0.7",
    "--driver-memory",
    "2g",
    "--name",
    "mjolnir-train-fawiki-dbn-20180215-query_explorer-pruned_mrmr-20200108-spark",
    "--queue",
    "root.default",
    "/srv/deployment/wikimedia/discovery/analytics/spark/mjolnir-utilities.py",
    "train",
    "--date",
    "20200108",
    "--output-path",
    "hdfs://analytics-hadoop/wmf/data/discovery/mjolnir/trained_models/date=20200108/wikiid=fawiki/labeling_algorithm=dbn/feature_set=20180215-query_explorer-pruned_mrmr",
    "--model-parameters-table",
    "mjolnir.model_parameters",
    "--remote-feature-set",
    "20180215-query_explorer",
    "--training-files-path",
    "hdfs://analytics-hadoop/wmf/data/discovery/mjolnir/training_files/date=20200108/wikiid=fawiki/labeling_algorithm=dbn/feature_set=20180215-query_explorer-pruned_mrmr"
]