[
    "event.wdqs_external_sparql_query/datacenter=eqiad/year=2022/month=6/day=20",
    "event.wdqs_external_sparql_query/datacenter=codfw/year=2022/month=6/day=20"
]