"/usr/bin/env 'PYTHONPATH=/srv/deployment/analytics/refinery/python/' '/srv/deployment/wikimedia/discovery/analytics/environments/refinery/venv/bin/python' '/srv/deployment/wikimedia/discovery/analytics/bin/refinery-drop-mediawiki-snapshots.py' --verbose"