"/usr/bin/env 'PYTHONPATH=/srv/deployment/analytics/refinery/python/' '/srv/deployment/wikimedia/discovery/analytics/environments/refinery/venv/bin/python' '/srv/deployment/analytics/refinery/bin/refinery-drop-older-than' --verbose --database=discovery '--tables=^(query_clicks_daily|query_clicks_hourly|search_satisfaction_daily|mediawiki_revision_recommendation_create|ores_articletopic|ores_scores_export|popularity_score|wikibase_item)$' --older-than=84 --allowed-interval=7 --execute=852a2075b5663ef22a383d145191c3b9"